### defaults
container
create
--cidfile=/var/lib/dokku/services/redis/lollipop/ID
--env-file=/var/lib/dokku/services/redis/lollipop/ENV
--hostname=dokku.redis.lollipop
--label=dokku.service=redis
--label=dokku=service
--name=dokku.redis.lollipop
--restart=always
--volume=/var/lib/dokku/services/redis/lollipop/config:/usr/local/etc/redis
--volume=/var/lib/dokku/services/redis/lollipop/data:/data
redis:8.8.0
redis-server
/usr/local/etc/redis/redis.conf
--bind
0.0.0.0

### a memory limit
container
create
--cidfile=/var/lib/dokku/services/redis/lollipop/ID
--env-file=/var/lib/dokku/services/redis/lollipop/ENV
--hostname=dokku.redis.lollipop
--label=dokku.service=redis
--label=dokku=service
--name=dokku.redis.lollipop
--restart=always
--volume=/var/lib/dokku/services/redis/lollipop/config:/usr/local/etc/redis
--volume=/var/lib/dokku/services/redis/lollipop/data:/data
--memory=512m
redis:8.8.0
redis-server
/usr/local/etc/redis/redis.conf
--bind
0.0.0.0

### a shared memory size
container
create
--cidfile=/var/lib/dokku/services/redis/lollipop/ID
--env-file=/var/lib/dokku/services/redis/lollipop/ENV
--hostname=dokku.redis.lollipop
--label=dokku.service=redis
--label=dokku=service
--name=dokku.redis.lollipop
--restart=always
--volume=/var/lib/dokku/services/redis/lollipop/config:/usr/local/etc/redis
--volume=/var/lib/dokku/services/redis/lollipop/data:/data
--shm-size=128m
redis:8.8.0
redis-server
/usr/local/etc/redis/redis.conf
--bind
0.0.0.0

### an initial network
container
create
--cidfile=/var/lib/dokku/services/redis/lollipop/ID
--env-file=/var/lib/dokku/services/redis/lollipop/ENV
--hostname=dokku.redis.lollipop
--label=dokku.service=redis
--label=dokku=service
--name=dokku.redis.lollipop
--restart=always
--volume=/var/lib/dokku/services/redis/lollipop/config:/usr/local/etc/redis
--volume=/var/lib/dokku/services/redis/lollipop/data:/data
--network=custom-network
--network-alias=dokku-redis-lollipop
redis:8.8.0
redis-server
/usr/local/etc/redis/redis.conf
--bind
0.0.0.0

### config options
container
create
--cidfile=/var/lib/dokku/services/redis/lollipop/ID
--env-file=/var/lib/dokku/services/redis/lollipop/ENV
--hostname=dokku.redis.lollipop
--label=dokku.service=redis
--label=dokku=service
--name=dokku.redis.lollipop
--restart=always
--volume=/var/lib/dokku/services/redis/lollipop/config:/usr/local/etc/redis
--volume=/var/lib/dokku/services/redis/lollipop/data:/data
redis:8.8.0
redis-server
/usr/local/etc/redis/redis.conf
--bind
0.0.0.0
--appendonly
yes

### config options with an empty element
container
create
--cidfile=/var/lib/dokku/services/redis/lollipop/ID
--env-file=/var/lib/dokku/services/redis/lollipop/ENV
--hostname=dokku.redis.lollipop
--label=dokku.service=redis
--label=dokku=service
--name=dokku.redis.lollipop
--restart=always
--volume=/var/lib/dokku/services/redis/lollipop/config:/usr/local/etc/redis
--volume=/var/lib/dokku/services/redis/lollipop/data:/data
redis:8.8.0
redis-server
/usr/local/etc/redis/redis.conf
--bind
0.0.0.0
--appendonly
yes

### a custom image
container
create
--cidfile=/var/lib/dokku/services/redis/lollipop/ID
--env-file=/var/lib/dokku/services/redis/lollipop/ENV
--hostname=dokku.redis.lollipop
--label=dokku.service=redis
--label=dokku=service
--name=dokku.redis.lollipop
--restart=always
--volume=/var/lib/dokku/services/redis/lollipop/config:/usr/local/etc/redis
--volume=/var/lib/dokku/services/redis/lollipop/data:/data
valkey/valkey:9.0.0
redis-server
/usr/local/etc/redis/redis.conf
--bind
0.0.0.0

### log options
container
create
--cidfile=/var/lib/dokku/services/redis/lollipop/ID
--env-file=/var/lib/dokku/services/redis/lollipop/ENV
--hostname=dokku.redis.lollipop
--label=dokku.service=redis
--label=dokku=service
--name=dokku.redis.lollipop
--restart=always
--volume=/var/lib/dokku/services/redis/lollipop/config:/usr/local/etc/redis
--volume=/var/lib/dokku/services/redis/lollipop/data:/data
--log-driver=json-file
--log-opt=max-file=3
--log-opt=max-size=20m
redis:8.8.0
redis-server
/usr/local/etc/redis/redis.conf
--bind
0.0.0.0

### log options with no driver
container
create
--cidfile=/var/lib/dokku/services/redis/lollipop/ID
--env-file=/var/lib/dokku/services/redis/lollipop/ENV
--hostname=dokku.redis.lollipop
--label=dokku.service=redis
--label=dokku=service
--name=dokku.redis.lollipop
--restart=always
--volume=/var/lib/dokku/services/redis/lollipop/config:/usr/local/etc/redis
--volume=/var/lib/dokku/services/redis/lollipop/data:/data
--log-opt=max-size=10m
redis:8.8.0
redis-server
/usr/local/etc/redis/redis.conf
--bind
0.0.0.0

### a restart policy
container
create
--cidfile=/var/lib/dokku/services/redis/lollipop/ID
--env-file=/var/lib/dokku/services/redis/lollipop/ENV
--hostname=dokku.redis.lollipop
--label=dokku.service=redis
--label=dokku=service
--name=dokku.redis.lollipop
--restart=on-failure:3
--volume=/var/lib/dokku/services/redis/lollipop/config:/usr/local/etc/redis
--volume=/var/lib/dokku/services/redis/lollipop/data:/data
redis:8.8.0
redis-server
/usr/local/etc/redis/redis.conf
--bind
0.0.0.0

### mounts
container
create
--cidfile=/var/lib/dokku/services/redis/lollipop/ID
--env-file=/var/lib/dokku/services/redis/lollipop/ENV
--hostname=dokku.redis.lollipop
--label=dokku.service=redis
--label=dokku=service
--name=dokku.redis.lollipop
--restart=always
--volume=/var/lib/dokku/services/redis/lollipop/config:/usr/local/etc/redis
--volume=/var/lib/dokku/services/redis/lollipop/data:/data
--volume=/srv/extra:/data/extra:ro,z
--volume=some-volume:/opt/extra
redis:8.8.0
redis-server
/usr/local/etc/redis/redis.conf
--bind
0.0.0.0

### no volumes at all
container
create
--cidfile=/var/lib/dokku/services/redis/lollipop/ID
--env-file=/var/lib/dokku/services/redis/lollipop/ENV
--hostname=dokku.redis.lollipop
--label=dokku.service=redis
--label=dokku=service
--name=dokku.redis.lollipop
--restart=always
redis:8.8.0

### everything at once
container
create
--cidfile=/var/lib/dokku/services/redis/lollipop/ID
--env-file=/var/lib/dokku/services/redis/lollipop/ENV
--hostname=dokku.redis.lollipop
--label=dokku.service=redis
--label=dokku=service
--name=dokku.redis.lollipop
--restart=unless-stopped
--volume=/var/lib/dokku/services/redis/lollipop/config:/usr/local/etc/redis
--volume=/var/lib/dokku/services/redis/lollipop/data:/data
--memory=512m
--shm-size=128m
--log-driver=json-file
--log-opt=max-file=3
--log-opt=max-size=20m
--network=custom-network
--network-alias=dokku-redis-lollipop
valkey/valkey:9.0.0
redis-server
/usr/local/etc/redis/redis.conf
--bind
0.0.0.0
--appendonly
yes

